[    2554ms] [LOG] [Client Instrumentation Hook] Slow execution detected: 130ms (Note: Code download overhead is not included in this measurement) @ http://localhost:3000/_next/static/chunks/node_modules_%40sentry_core_build_esm_a5aed753._.js:5508
[    2659ms] [INFO] %cDownload the React DevTools for a better development experience: https://react.dev/link/react-devtools font-weight:bold @ http://localhost:3000/_next/static/chunks/node_modules_%40sentry_core_build_esm_a5aed753._.js:5508
[ 1426303ms] [LOG] [Fast Refresh] rebuilding @ http://localhost:3000/_next/static/chunks/node_modules_%40sentry_core_build_esm_a5aed753._.js:5508
[ 1428046ms] [LOG] [Fast Refresh] done in 1882ms @ http://localhost:3000/_next/static/chunks/node_modules_%40sentry_core_build_esm_a5aed753._.js:5508
[ 1428550ms] [LOG] [Fast Refresh] rebuilding @ http://localhost:3000/_next/static/chunks/node_modules_%40sentry_core_build_esm_a5aed753._.js:5508
[ 1432680ms] [LOG] [Fast Refresh] done in 4230ms @ http://localhost:3000/_next/static/chunks/node_modules_%40sentry_core_build_esm_a5aed753._.js:5508
[ 1495966ms] [LOG] [Fast Refresh] rebuilding @ http://localhost:3000/_next/static/chunks/node_modules_%40sentry_core_build_esm_a5aed753._.js:5508
[ 1498066ms] [LOG] [Fast Refresh] done in 2200ms @ http://localhost:3000/_next/static/chunks/node_modules_%40sentry_core_build_esm_a5aed753._.js:5508
[ 1519545ms] [LOG] [Fast Refresh] rebuilding @ http://localhost:3000/_next/static/chunks/node_modules_%40sentry_core_build_esm_a5aed753._.js:5508
[ 1520959ms] [LOG] [Fast Refresh] done in 1515ms @ http://localhost:3000/_next/static/chunks/node_modules_%40sentry_core_build_esm_a5aed753._.js:5508
[ 1599581ms] [LOG] [Fast Refresh] rebuilding @ http://localhost:3000/_next/static/chunks/node_modules_%40sentry_core_build_esm_a5aed753._.js:5508
[ 1600530ms] [LOG] [Fast Refresh] done in 1055ms @ http://localhost:3000/_next/static/chunks/node_modules_%40sentry_core_build_esm_a5aed753._.js:5508
[ 1625330ms] [LOG] [Fast Refresh] rebuilding @ http://localhost:3000/_next/static/chunks/node_modules_%40sentry_core_build_esm_a5aed753._.js:5508
[ 1632275ms] [LOG] [Fast Refresh] done in 7047ms @ http://localhost:3000/_next/static/chunks/node_modules_%40sentry_core_build_esm_a5aed753._.js:5508
[ 1632386ms] [LOG] [Fast Refresh] rebuilding @ http://localhost:3000/_next/static/chunks/node_modules_%40sentry_core_build_esm_a5aed753._.js:5508
[ 1634398ms] [ERROR] Failed to load resource: the server responded with a status of 403 (Forbidden) @ http://localhost:3000/api/v1/trainee/me:0
[ 1634506ms] [LOG] [Fast Refresh] done in 2224ms @ http://localhost:3000/_next/static/chunks/node_modules_%40sentry_core_build_esm_a5aed753._.js:5508
[ 1634549ms] [ERROR] Failed to load resource: the server responded with a status of 403 (Forbidden) @ http://localhost:3000/api/v1/trainee/me:0
[ 1634847ms] [LOG] [Fast Refresh] rebuilding @ http://localhost:3000/_next/static/chunks/node_modules_%40sentry_core_build_esm_a5aed753._.js:5508
[ 1636124ms] [LOG] [Fast Refresh] done in 1374ms @ http://localhost:3000/_next/static/chunks/node_modules_%40sentry_core_build_esm_a5aed753._.js:5508
[ 1644029ms] [LOG] [Fast Refresh] rebuilding @ http://localhost:3000/_next/static/chunks/node_modules_%40sentry_core_build_esm_a5aed753._.js:5508
[ 1645365ms] [LOG] [Fast Refresh] done in 1443ms @ http://localhost:3000/_next/static/chunks/node_modules_%40sentry_core_build_esm_a5aed753._.js:5508
[ 1673987ms] [LOG] [Fast Refresh] rebuilding @ http://localhost:3000/_next/static/chunks/node_modules_%40sentry_core_build_esm_a5aed753._.js:5508
[ 1678100ms] [LOG] [Fast Refresh] done in 4213ms @ http://localhost:3000/_next/static/chunks/node_modules_%40sentry_core_build_esm_a5aed753._.js:5508
[ 1678205ms] [LOG] [Fast Refresh] rebuilding @ http://localhost:3000/_next/static/chunks/node_modules_%40sentry_core_build_esm_a5aed753._.js:5508
[ 1679527ms] [LOG] [Fast Refresh] done in 1425ms @ http://localhost:3000/_next/static/chunks/node_modules_%40sentry_core_build_esm_a5aed753._.js:5508
[ 1691613ms] [LOG] [Fast Refresh] rebuilding @ http://localhost:3000/_next/static/chunks/node_modules_%40sentry_core_build_esm_a5aed753._.js:5508
[ 1692022ms] [LOG] [Fast Refresh] done in 509ms @ http://localhost:3000/_next/static/chunks/node_modules_%40sentry_core_build_esm_a5aed753._.js:5508
[ 1693012ms] Error: Event handlers cannot be passed to Client Component props.
  <button data-slot="button" className=... onClick={function onClick} children=...>
                                                   ^^^^^^^^^^^^^^^^^^
If you need interactivity, consider converting part of this to a Client Component.
    at stringify (<anonymous>:1:18)
    at stringify (<anonymous>:1:18)
    at resolveErrorDev (http://localhost:3000/_next/static/chunks/node_modules_next_dist_compiled_5150ccfd._.js:4308:48)
    at processFullStringRow (http://localhost:3000/_next/static/chunks/node_modules_next_dist_compiled_5150ccfd._.js:4556:29)
    at processFullBinaryRow (http://localhost:3000/_next/static/chunks/node_modules_next_dist_compiled_5150ccfd._.js:4515:9)
    at processBinaryChunk (http://localhost:3000/_next/static/chunks/node_modules_next_dist_compiled_5150ccfd._.js:4624:98)
    at progress (http://localhost:3000/_next/static/chunks/node_modules_next_dist_compiled_5150ccfd._.js:4792:25)
[ 1693332ms] [LOG] [Fast Refresh] rebuilding @ http://localhost:3000/_next/static/chunks/node_modules_%40sentry_core_build_esm_a5aed753._.js:5508
[ 1693655ms] [LOG] [Fast Refresh] done in 425ms @ http://localhost:3000/_next/static/chunks/node_modules_%40sentry_core_build_esm_a5aed753._.js:5508
[ 1723538ms] [LOG] [Client Instrumentation Hook] Slow execution detected: 238ms (Note: Code download overhead is not included in this measurement) @ http://localhost:3000/_next/static/chunks/node_modules_%40sentry_core_build_esm_a5aed753._.js:5508
[ 1723571ms] [INFO] %cDownload the React DevTools for a better development experience: https://react.dev/link/react-devtools font-weight:bold @ http://localhost:3000/_next/static/chunks/node_modules_%40sentry_core_build_esm_a5aed753._.js:5508
[ 1724540ms] [ERROR] Failed to load resource: the server responded with a status of 403 (Forbidden) @ http://localhost:3000/api/v1/trainee/me:0
[ 1730465ms] [LOG] [Fast Refresh] rebuilding @ http://localhost:3000/_next/static/chunks/node_modules_%40sentry_core_build_esm_a5aed753._.js:5508
[ 1730878ms] [LOG] [Fast Refresh] done in 514ms @ http://localhost:3000/_next/static/chunks/node_modules_%40sentry_core_build_esm_a5aed753._.js:5508
[ 1751539ms] [ERROR] Failed to load resource: the server responded with a status of 500 (Internal Server Error) @ http://localhost:3000/api/v1/kpis/overview:0
[ 1758490ms] [ERROR] Failed to load resource: the server responded with a status of 500 (Internal Server Error) @ http://localhost:3000/api/v1/cohorts:0
[ 1763223ms] [LOG] [Fast Refresh] rebuilding @ http://localhost:3000/_next/static/chunks/node_modules_%40sentry_core_build_esm_a5aed753._.js:5508
[ 1766555ms] [LOG] [Fast Refresh] done in 3432ms @ http://localhost:3000/_next/static/chunks/node_modules_%40sentry_core_build_esm_a5aed753._.js:5508
[ 1766669ms] [LOG] [Fast Refresh] rebuilding @ http://localhost:3000/_next/static/chunks/node_modules_%40sentry_core_build_esm_a5aed753._.js:5508
[ 1767667ms] [LOG] [Fast Refresh] done in 1101ms @ http://localhost:3000/_next/static/chunks/node_modules_%40sentry_core_build_esm_a5aed753._.js:5508
[ 1772168ms] [ERROR] Failed to load resource: the server responded with a status of 500 (Internal Server Error) @ http://localhost:3000/api/v1/cohorts:0
[ 1772747ms] [LOG] %c%s%c prisma:error background: #e6e6e6;background: light-dark(rgba(0,0,0,0.1), rgba(255,255,255,0.25));color: #000000;color: light-dark(#000000, #ffffff);border-radius: 2px  Server   
Invalid `__TURBOPACK__imported__module__$5b$project$5d2f$src$2f$server$2f$db$2e$ts__$5b$app$2d$rsc$5d$__$28$ecmascript$29$__["db"].trainee.findMany()` invocation in
/home/harshtohai/Coading/Projects/SIH project/skilltrack/.next/server/chunks/ssr/[root-of-the-server]__c639d23c._.js:462:139

  459     ]
  460 } : {};
  461 const [trainees, total] = await Promise.all([
→ 462     __TURBOPACK__imported__module__$5b$project$5d2f$src$2f$server$2f$db$2e$ts__$5b$app$2d$rsc$5d$__$28$ecmascript$29$__["db"].trainee.findMany(
Can't reach database server at `aws-0-ap-southeast-1.pooler.supabase.com:6543`

Please make sure your database server is running at `aws-0-ap-southeast-1.pooler.supabase.com:6543`. @ http://localhost:3000/_next/static/chunks/node_modules_%40sentry_core_build_esm_a5aed753._.js:5508
[ 1772873ms] [LOG] %c%s%c prisma:error background: #e6e6e6;background: light-dark(rgba(0,0,0,0.1), rgba(255,255,255,0.25));color: #000000;color: light-dark(#000000, #ffffff);border-radius: 2px  Server   
Invalid `__TURBOPACK__imported__module__$5b$project$5d2f$src$2f$server$2f$db$2e$ts__$5b$app$2d$rsc$5d$__$28$ecmascript$29$__["db"].trainee.count()` invocation in
/home/harshtohai/Coading/Projects/SIH project/skilltrack/.next/server/chunks/ssr/[root-of-the-server]__c639d23c._.js:477:139

  474     skip: (currentPage - 1) * PAGE_SIZE,
  475     take: PAGE_SIZE
  476 }),
→ 477 __TURBOPACK__imported__module__$5b$project$5d2f$src$2f$server$2f$db$2e$ts__$5b$app$2d$rsc$5d$__$28$ecmascript$29$__["db"].trainee.count(
Can't reach database server at `aws-0-ap-southeast-1.pooler.supabase.com:6543`

Please make sure your database server is running at `aws-0-ap-southeast-1.pooler.supabase.com:6543`. @ http://localhost:3000/_next/static/chunks/node_modules_%40sentry_core_build_esm_a5aed753._.js:5508
[ 1773131ms] PrismaClientKnownRequestError: 
Invalid `__TURBOPACK__imported__module__$5b$project$5d2f$src$2f$server$2f$db$2e$ts__$5b$app$2d$rsc$5d$__$28$ecmascript$29$__["db"].trainee.findMany()` invocation in
/home/harshtohai/Coading/Projects/SIH project/skilltrack/.next/server/chunks/ssr/[root-of-the-server]__c639d23c._.js:462:139

  459     ]
  460 } : {};
  461 const [trainees, total] = await Promise.all([
→ 462     __TURBOPACK__imported__module__$5b$project$5d2f$src$2f$server$2f$db$2e$ts__$5b$app$2d$rsc$5d$__$28$ecmascript$29$__["db"].trainee.findMany(
Can't reach database server at `aws-0-ap-southeast-1.pooler.supabase.com:6543`

Please make sure your database server is running at `aws-0-ap-southeast-1.pooler.supabase.com:6543`.
    at Promise.all (<anonymous>:1:20)
    at TraineesListPage (about://React/Server/file:///home/harshtohai/Coading/Projects/SIH%20project/skilltrack/.next/server/chunks/ssr/%5Broot-of-the-server%5D__c639d23c._.js?12:461:31)
    at resolveErrorDev (http://localhost:3000/_next/static/chunks/node_modules_next_dist_compiled_5150ccfd._.js:4308:48)
    at processFullStringRow (http://localhost:3000/_next/static/chunks/node_modules_next_dist_compiled_5150ccfd._.js:4556:29)
    at processFullBinaryRow (http://localhost:3000/_next/static/chunks/node_modules_next_dist_compiled_5150ccfd._.js:4515:9)
    at processBinaryChunk (http://localhost:3000/_next/static/chunks/node_modules_next_dist_compiled_5150ccfd._.js:4624:98)
    at progress (http://localhost:3000/_next/static/chunks/node_modules_next_dist_compiled_5150ccfd._.js:4792:25)
[ 1773338ms] [LOG] [Fast Refresh] rebuilding @ http://localhost:3000/_next/static/chunks/node_modules_%40sentry_core_build_esm_a5aed753._.js:5508
[ 1773537ms] [LOG] [Fast Refresh] done in 299ms @ http://localhost:3000/_next/static/chunks/node_modules_%40sentry_core_build_esm_a5aed753._.js:5508
[ 1786513ms] [ERROR] Failed to load resource: the server responded with a status of 500 (Internal Server Error) @ http://localhost:3000/monitoring?o=4512145686659072&p=4512145697538128&r=de:0
[ 1869916ms] [LOG] [Client Instrumentation Hook] Slow execution detected: 93ms (Note: Code download overhead is not included in this measurement) @ http://localhost:3000/_next/static/chunks/node_modules_%40sentry_core_build_esm_a5aed753._.js:5508
[ 1869926ms] [INFO] %cDownload the React DevTools for a better development experience: https://react.dev/link/react-devtools font-weight:bold @ http://localhost:3000/_next/static/chunks/node_modules_%40sentry_core_build_esm_a5aed753._.js:5508
[ 1907883ms] [LOG] [Fast Refresh] rebuilding @ http://localhost:3000/_next/static/chunks/node_modules_%40sentry_core_build_esm_a5aed753._.js:5508
[ 1911649ms] [LOG] [Fast Refresh] done in 3866ms @ http://localhost:3000/_next/static/chunks/node_modules_%40sentry_core_build_esm_a5aed753._.js:5508
[ 1911762ms] [LOG] [Fast Refresh] rebuilding @ http://localhost:3000/_next/static/chunks/node_modules_%40sentry_core_build_esm_a5aed753._.js:5508
[ 1913110ms] [LOG] [Fast Refresh] done in 1449ms @ http://localhost:3000/_next/static/chunks/node_modules_%40sentry_core_build_esm_a5aed753._.js:5508
[ 1913225ms] [LOG] [Fast Refresh] rebuilding @ http://localhost:3000/_next/static/chunks/node_modules_%40sentry_core_build_esm_a5aed753._.js:5508
[ 1914031ms] [LOG] [Fast Refresh] done in 908ms @ http://localhost:3000/_next/static/chunks/node_modules_%40sentry_core_build_esm_a5aed753._.js:5508
[ 1945309ms] [LOG] [Fast Refresh] rebuilding @ http://localhost:3000/_next/static/chunks/node_modules_%40sentry_core_build_esm_a5aed753._.js:5508
[ 1945325ms] [LOG] [Fast Refresh] done in 116ms @ http://localhost:3000/_next/static/chunks/node_modules_%40sentry_core_build_esm_a5aed753._.js:5508
[ 1957690ms] [LOG] [Fast Refresh] rebuilding @ http://localhost:3000/_next/static/chunks/node_modules_%40sentry_core_build_esm_a5aed753._.js:5508
[ 1957694ms] [LOG] [Fast Refresh] done in 105ms @ http://localhost:3000/_next/static/chunks/node_modules_%40sentry_core_build_esm_a5aed753._.js:5508
[ 1971500ms] [LOG] [Fast Refresh] rebuilding @ http://localhost:3000/_next/static/chunks/node_modules_%40sentry_core_build_esm_a5aed753._.js:5508
[ 1975756ms] [LOG] [Fast Refresh] done in 4354ms @ http://localhost:3000/_next/static/chunks/node_modules_%40sentry_core_build_esm_a5aed753._.js:5508
[ 1975858ms] [LOG] [Fast Refresh] rebuilding @ http://localhost:3000/_next/static/chunks/node_modules_%40sentry_core_build_esm_a5aed753._.js:5508
[ 1976810ms] [LOG] [Fast Refresh] done in 1053ms @ http://localhost:3000/_next/static/chunks/node_modules_%40sentry_core_build_esm_a5aed753._.js:5508
[ 1980764ms] [LOG] [Fast Refresh] rebuilding @ http://localhost:3000/_next/static/chunks/node_modules_%40sentry_core_build_esm_a5aed753._.js:5508
[ 1980983ms] [LOG] [Fast Refresh] done in 569ms @ http://localhost:3000/_next/static/chunks/node_modules_%40sentry_core_build_esm_a5aed753._.js:5508
[ 1981335ms] [LOG] [Fast Refresh] rebuilding @ http://localhost:3000/_next/static/chunks/node_modules_%40sentry_core_build_esm_a5aed753._.js:5508
[ 1982239ms] [LOG] [Fast Refresh] done in 1004ms @ http://localhost:3000/_next/static/chunks/node_modules_%40sentry_core_build_esm_a5aed753._.js:5508
[ 2054573ms] [LOG] [Fast Refresh] rebuilding @ http://localhost:3000/_next/static/chunks/node_modules_%40sentry_core_build_esm_a5aed753._.js:5508
[ 2058345ms] [LOG] [Fast Refresh] done in 3875ms @ http://localhost:3000/_next/static/chunks/node_modules_%40sentry_core_build_esm_a5aed753._.js:5508
[ 2058453ms] [LOG] [Fast Refresh] rebuilding @ http://localhost:3000/_next/static/chunks/node_modules_%40sentry_core_build_esm_a5aed753._.js:5508
[ 2060797ms] [LOG] [Fast Refresh] done in 2444ms @ http://localhost:3000/_next/static/chunks/node_modules_%40sentry_core_build_esm_a5aed753._.js:5508
[ 2093393ms] [ERROR] Failed to load resource: the server responded with a status of 403 (Forbidden) @ http://localhost:3000/api/v1/trainee/me:0
[ 2093494ms] [ERROR] Failed to load resource: the server responded with a status of 403 (Forbidden) @ http://localhost:3000/api/v1/trainee/me:0
[ 2206020ms] [LOG] [Fast Refresh] rebuilding @ http://localhost:3000/_next/static/chunks/node_modules_%40sentry_core_build_esm_a5aed753._.js:5508
[ 2208700ms] [LOG] [Fast Refresh] done in 2781ms @ http://localhost:3000/_next/static/chunks/node_modules_%40sentry_core_build_esm_a5aed753._.js:5508
[ 2208804ms] [LOG] [Fast Refresh] rebuilding @ http://localhost:3000/_next/static/chunks/node_modules_%40sentry_core_build_esm_a5aed753._.js:5508
[ 2209789ms] [LOG] [Fast Refresh] done in 1085ms @ http://localhost:3000/_next/static/chunks/node_modules_%40sentry_core_build_esm_a5aed753._.js:5508
[ 2209944ms] [LOG] [Fast Refresh] rebuilding @ http://localhost:3000/_next/static/chunks/node_modules_%40sentry_core_build_esm_a5aed753._.js:5508
[ 2210789ms] [LOG] [Fast Refresh] done in 946ms @ http://localhost:3000/_next/static/chunks/node_modules_%40sentry_core_build_esm_a5aed753._.js:5508
